// Jest Snapshot v1, https://goo.gl/fbAQLP

exports[`<Main/> should render correctly 1`] = `
<div>
  <h1>
    React avan√ßado
  </h1>
</div>
`;
